[root@ip-10-1-10-110 ~]# yum -y install mariadb-server
Last metadata expiration check: 1:05:27 ago on Sat Oct 19 01:09:28 2024.
No match for argument: mariadb-server
Error: Unable to find a match: mariadb-server
[root@ip-10-1-10-110 ~]# sudo dnf update -y
Last metadata expiration check: 1:08:21 ago on Sat Oct 19 01:09:28 2024.
Dependencies resolved.
Nothing to do.
Complete!
[root@ip-10-1-10-110 ~]# sudo dnf instal mariadb105
No such command: instal. Please use /usr/bin/dnf --help
It could be a DNF plugin command, try: "dnf install 'dnf-command(instal)'"
[root@ip-10-1-10-110 ~]# sudo dnf install mariadb105
Last metadata expiration check: 1:08:50 ago on Sat Oct 19 01:09:28 2024.
Dependencies resolved.
=====================================================================================================================================================================================================================================
 Package                                                         Architecture                                Version                                                          Repository                                        Size
=====================================================================================================================================================================================================================================
Installing:
 mariadb105                                                      x86_64                                      3:10.5.25-1.amzn2023.0.1                                         amazonlinux                                      1.6 M
Installing dependencies:
 mariadb-connector-c                                             x86_64                                      3.1.13-1.amzn2023.0.3                                            amazonlinux                                      196 k
 mariadb-connector-c-config                                      noarch                                      3.1.13-1.amzn2023.0.3                                            amazonlinux                                      9.2 k
 mariadb105-common                                               x86_64                                      3:10.5.25-1.amzn2023.0.1                                         amazonlinux                                       29 k
 perl-Sys-Hostname                                               x86_64                                      1.23-477.amzn2023.0.6                                            amazonlinux                                       18 k

Transaction Summary
=====================================================================================================================================================================================================================================
Install  5 Packages

Total download size: 1.8 M
Installed size: 19 M
Is this ok [y/N]: y
Downloading Packages:
(1/5): mariadb-connector-c-3.1.13-1.amzn2023.0.3.x86_64.rpm                                                                                                                                          2.4 MB/s | 196 kB     00:00    
(2/5): mariadb105-10.5.25-1.amzn2023.0.1.x86_64.rpm                                                                                                                                                   18 MB/s | 1.6 MB     00:00    
(3/5): mariadb105-common-10.5.25-1.amzn2023.0.1.x86_64.rpm                                                                                                                                           1.5 MB/s |  29 kB     00:00    
(4/5): perl-Sys-Hostname-1.23-477.amzn2023.0.6.x86_64.rpm                                                                                                                                            852 kB/s |  18 kB     00:00    
(5/5): mariadb-connector-c-config-3.1.13-1.amzn2023.0.3.noarch.rpm                                                                                                                                    72 kB/s | 9.2 kB     00:00    
-------------------------------------------------------------------------------------------------------------------------------------------------------------------------------------------------------------------------------------
Total                                                                                                                                                                                                 10 MB/s | 1.8 MB     00:00     
Running transaction check
Transaction check succeeded.
Running transaction test
Transaction test succeeded.
Running transaction
  Preparing        :                                                                                                                                                                                                             1/1 
  Installing       : mariadb-connector-c-config-3.1.13-1.amzn2023.0.3.noarch                                                                                                                                                     1/5 
  Installing       : mariadb-connector-c-3.1.13-1.amzn2023.0.3.x86_64                                                                                                                                                            2/5 
  Installing       : mariadb105-common-3:10.5.25-1.amzn2023.0.1.x86_64                                                                                                                                                           3/5 
  Installing       : perl-Sys-Hostname-1.23-477.amzn2023.0.6.x86_64                                                                                                                                                              4/5 
  Installing       : mariadb105-3:10.5.25-1.amzn2023.0.1.x86_64                                                                                                                                                                  5/5 
  Running scriptlet: mariadb105-3:10.5.25-1.amzn2023.0.1.x86_64                                                                                                                                                                  5/5 
  Verifying        : mariadb-connector-c-3.1.13-1.amzn2023.0.3.x86_64                                                                                                                                                            1/5 
  Verifying        : mariadb-connector-c-config-3.1.13-1.amzn2023.0.3.noarch                                                                                                                                                     2/5 
  Verifying        : mariadb105-3:10.5.25-1.amzn2023.0.1.x86_64                                                                                                                                                                  3/5 
  Verifying        : mariadb105-common-3:10.5.25-1.amzn2023.0.1.x86_64                                                                                                                                                           4/5 
  Verifying        : perl-Sys-Hostname-1.23-477.amzn2023.0.6.x86_64                                                                                                                                                              5/5 

Installed:
  mariadb-connector-c-3.1.13-1.amzn2023.0.3.x86_64        mariadb-connector-c-config-3.1.13-1.amzn2023.0.3.noarch        mariadb105-3:10.5.25-1.amzn2023.0.1.x86_64        mariadb105-common-3:10.5.25-1.amzn2023.0.1.x86_64       
  perl-Sys-Hostname-1.23-477.amzn2023.0.6.x86_64         

Complete!
[root@ip-10-1-10-110 ~]# mysql -h udacity-mysql.crb2iee7onek.us-east-1.rds.amazonaws.com -P 3306 -u admin -p
Enter password: 
ERROR 1045 (28000): Access denied for user 'admin'@'10.1.10.110' (using password: YES)
[root@ip-10-1-10-110 ~]# mysql -h udacity-mysql.crb2iee7onek.us-east-1.rds.amazonaws.com -P 3306 -u vutnm -p
Enter password: 
Welcome to the MariaDB monitor.  Commands end with ; or \g.
Your MySQL connection id is 43
Server version: 8.0.39 Source distribution

Copyright (c) 2000, 2018, Oracle, MariaDB Corporation Ab and others.

Type 'help;' or '\h' for help. Type '\c' to clear the current input statement.

MySQL [(none)]> CREATE DATABASE UdacityTest
    -> ;
Query OK, 1 row affected (0.053 sec)

MySQL [(none)]> USE UdacityTest
Database changed
MySQL [UdacityTest]> Use udacity
Database changed
MySQL [udacity]> create table UdacityEntries (Id INT PRIMARY KEY, Name VARCHAR(50))
    -> ;
Query OK, 0 rows affected (0.073 sec)

MySQL [udacity]> insert into UdacityEntries (Id, Name) VALUES (1, "TEST");
Query OK, 1 row affected (0.011 sec)

MySQL [udacity]> select * from UdacityEntries
    -> ;
+----+------+
| Id | Name |
+----+------+
|  1 | TEST |
+----+------+
1 row in set (0.001 sec)

MySQL [udacity]> 